Microchip MPLAB XC8 Compiler V2.46

Linker command line:

-W-3 --edf=/opt/microchip/xc8/v2.46/pic/dat/20240104201356_en.msgs -cn \
  -h+dist/default/debug/Projeto.X.debug.sym \
  --cmf=dist/default/debug/Projeto.X.debug.cmf -z -Q16F1827 \
  -o/tmp/xcXnGPmFn/driver_tmp_3.o --defsym=__MPLAB_BUILD=1 \
  --fixupoverflow=error -Mdist/default/debug/Projeto.X.debug.map \
  --md=/tmp/xcXnGPmFn/driver_tmp_0.dat -E1 -ver=XC8 Compiler --acfsm=1493 \
  -ACODE=00h-07FFhx2 -ASTRCODE=00h-0FFFh -ASTRING=00h-0FFhx16 \
  -ACONST=00h-0FFhx16 -AENTRY=00h-0FFhx16 -ACOMMON=070h-07Fh \
  -ABANK0=020h-06Fh -ABANK1=0A0h-0EFh -ABANK2=0120h-016Fh \
  -ABANK3=01A0h-01EFh -ABANK4=0220h-024Fh -ABIGRAM=02000h-0216Fh \
  -ARAM=020h-06Fh,0A0h-0EFh,0120h-016Fh,01A0h-01EFh,0220h-024Fh \
  -AABS1=020h-07Fh,0A0h-0EFh,0120h-016Fh,01A0h-01EFh,0220h-024Fh \
  -ASFR0=00h-01Fh -ASFR1=080h-09Fh -ASFR2=0100h-011Fh -ASFR3=0180h-019Fh \
  -ASFR4=0200h-021Fh -ASFR5=0280h-02EFh -ASFR6=0300h-036Fh \
  -ASFR7=0380h-03EFh -ASFR8=0400h-046Fh -ASFR9=0480h-04EFh \
  -ASFR10=0500h-056Fh -ASFR11=0580h-05EFh -ASFR12=0600h-066Fh \
  -ASFR13=0680h-06EFh -ASFR14=0700h-076Fh -ASFR15=0780h-07EFh \
  -ASFR16=0800h-086Fh -ASFR17=0880h-08EFh -ASFR18=0900h-096Fh \
  -ASFR19=0980h-09EFh -ASFR20=0A00h-0A6Fh -ASFR21=0A80h-0AEFh \
  -ASFR22=0B00h-0B6Fh -ASFR23=0B80h-0BEFh -ASFR24=0C00h-0C6Fh \
  -ASFR25=0C80h-0CEFh -ASFR26=0D00h-0D6Fh -ASFR27=0D80h-0DEFh \
  -ASFR28=0E00h-0E6Fh -ASFR29=0E80h-0EEFh -ASFR30=0F00h-0F6Fh \
  -ASFR31=0F80h-0FEFh -ACONFIG=08007h-08008h -DCONFIG=2 \
  -AIDLOC=08000h-08003h -DIDLOC=2 -AEEDATA=00h-0FFh/0F000h \
  -peeprom_data=EEDATA -DEEDATA=2 -DCODE=2 -DSTRCODE=2 -DSTRING=2 -DCONST=2 \
  -DENTRY=2 -preset_vec=00h,intentry=04h,sivt,init,end_init -ppowerup=CODE \
  -pcinit=CODE -pfunctab=ENTRY -k /tmp/xcXnGPmFn/driver_tmp_15.o \
  dist/default/debug/Projeto.X.debug.o 

Object code version is 3.11

Machine type is 16F1827



                Name                               Link     Load   Length Selector   Space Scale
/tmp/xcXnGPmFn/driver_tmp_15.o
                end_init                             26       26        2        8       0
                reset_vec                             0        0        2        0       0
                config                             8007     8007        2        0       4
dist/default/debug/Projeto.X.debug.o
                cinit                                28       28       15        8       0
                intentry                              4        4       22        8       0
                config                             8007     8007        2        0       4
                text33                              76E      76E        1      ECA       0
                text32                              6FA      6FA        D        8       0
                text31                              679      679       19        8       0
                text30                              660      660       19        8       0
                text29                              6BD      6BD       11        8       0
                text28                              278      278      1AA        8       0
                text27                              621      621       23        8       0
                text26                               3D       3D      23B        8       0
                text25                              563      563       71        8       0
                text24                              422      422       AB        8       0
                text23                              76D      76D        1      ECA       0
                text22                              4CD      4CD       96        8       0
                text21                              6EC      6EC        E        8       0
                text19                              722      722        8        8       0
                text18                              75B      75B        6        8       0
                text17                              755      755        6        8       0
                text16                              6DE      6DE        E        8       0
                text15                              74F      74F        6        8       0
                text14                              749      749        6        8       0
                text13                              743      743        6        8       0
                text12                              5FC      5FC       25        8       0
                text11                              769      769        4      ECA       0
                text10                              72A      72A        7        8       0
                text9                               692      692       16        8       0
                text8                               73D      73D        6        8       0
                text7                               6A8      6A8       15        8       0
                text6                               711      711        9        8       0
                text5                               644      644       1C        8       0
                text4                               71A      71A        8        8       0
                text3                               707      707        A        8       0
                text2                               765      765        4      ECA       0
                text1                               5D4      5D4       28        8       0
                maintext                            6CE      6CE       10        8       0
                cstackBANK0                          20       20       3A       20       1
                cstackCOMMON                         70       70        D       70       1
                cstackBANK1                          CE       CE        2       A0       1
                clrtext                             737      737        6        8       0
                inittext                            731      731        6        8       0
                bssBANK1                             A0       A0       26       A0       1
                bssBANK0                             5A       5A       14       20       1
                bssCOMMON                            7D       7D        1       70       1
                nvBANK1                              C6       C6        8       A0       1
                nvBANK0                              6E       6E        2       20       1
                stringtext1                         761      761        4      EC2       0
                idataEEDATA                           0     F000       CC    1E000       3

TOTAL           Name                               Link     Load   Length     Space
        CLASS   CODE           
                end_init                             26       26        2         0
                cinit                                28       28       15         0
                intentry                              4        4       22         0
                reset_vec                             0        0        2         0
                text33                              76E      76E        1         0
                text32                              6FA      6FA        D         0
                text31                              679      679       19         0
                text30                              660      660       19         0
                text29                              6BD      6BD       11         0
                text28                              278      278      1AA         0
                text27                              621      621       23         0
                text26                               3D       3D      23B         0
                text25                              563      563       71         0
                text24                              422      422       AB         0
                text23                              76D      76D        1         0
                text22                              4CD      4CD       96         0
                text21                              6EC      6EC        E         0
                text19                              722      722        8         0
                text18                              75B      75B        6         0
                text17                              755      755        6         0
                text16                              6DE      6DE        E         0
                text15                              74F      74F        6         0
                text14                              749      749        6         0
                text13                              743      743        6         0
                text12                              5FC      5FC       25         0
                text11                              769      769        4         0
                text10                              72A      72A        7         0
                text9                               692      692       16         0
                text8                               73D      73D        6         0
                text7                               6A8      6A8       15         0
                text6                               711      711        9         0
                text5                               644      644       1C         0
                text4                               71A      71A        8         0
                text3                               707      707        A         0
                text2                               765      765        4         0
                text1                               5D4      5D4       28         0
                maintext                            6CE      6CE       10         0
                clrtext                             737      737        6         0
                inittext                            731      731        6         0

        CLASS   STRCODE        
                stringtext1                         761      761        4         0

        CLASS   STRING         

        CLASS   CONST          

        CLASS   ENTRY          

        CLASS   COMMON         
                cstackCOMMON                         70       70        D         1
                bssCOMMON                            7D       7D        1         1

        CLASS   BANK0          
                cstackBANK0                          20       20       3A         1
                bssBANK0                             5A       5A       14         1
                nvBANK0                              6E       6E        2         1

        CLASS   BANK1          
                cstackBANK1                          CE       CE        2         1
                bssBANK1                             A0       A0       26         1
                nvBANK1                              C6       C6        8         1

        CLASS   BANK2          

        CLASS   BANK3          

        CLASS   BANK4          

        CLASS   BIGRAM         

        CLASS   RAM            

        CLASS   ABS1           
                abs_s1                               7E       7E        2         1

        CLASS   SFR0           

        CLASS   SFR1           

        CLASS   SFR2           

        CLASS   SFR3           

        CLASS   SFR4           

        CLASS   SFR5           

        CLASS   SFR6           

        CLASS   SFR7           

        CLASS   SFR8           

        CLASS   SFR9           

        CLASS   SFR10          

        CLASS   SFR11          

        CLASS   SFR12          

        CLASS   SFR13          

        CLASS   SFR14          

        CLASS   SFR15          

        CLASS   SFR16          

        CLASS   SFR17          

        CLASS   SFR18          

        CLASS   SFR19          

        CLASS   SFR20          

        CLASS   SFR21          

        CLASS   SFR22          

        CLASS   SFR23          

        CLASS   SFR24          

        CLASS   SFR25          

        CLASS   SFR26          

        CLASS   SFR27          

        CLASS   SFR28          

        CLASS   SFR29          

        CLASS   SFR30          

        CLASS   SFR31          

        CLASS   CONFIG         
                config                             8007     8007        2         4

        CLASS   IDLOC          

        CLASS   EEDATA         
                idataEEDATA                           0     F000       CC         3

        CLASS   BANK31         

        CLASS   BANK30         

        CLASS   BANK29         

        CLASS   BANK28         

        CLASS   BANK27         

        CLASS   BANK26         

        CLASS   BANK25         

        CLASS   BANK24         

        CLASS   BANK23         

        CLASS   BANK22         

        CLASS   BANK21         

        CLASS   BANK20         

        CLASS   BANK19         

        CLASS   BANK18         

        CLASS   BANK17         

        CLASS   BANK16         

        CLASS   BANK15         

        CLASS   BANK14         

        CLASS   BANK13         

        CLASS   BANK12         

        CLASS   BANK11         

        CLASS   BANK10         

        CLASS   BANK9          

        CLASS   BANK8          

        CLASS   BANK7          

        CLASS   BANK6          

        CLASS   BANK5          

        CLASS   HEAP           

        CLASS   STACK          



SEGMENTS        Name                           Load    Length   Top    Selector   Space  Class     Delta

                reset_vec                      000000  000002  000002         0       0  CODE        2
                stringtext1                    000761  000004  000765       EC2       0  STRCODE     2
                text2                          000765  00000A  00076F       ECA       0  CODE        2
                intentry                       000004  00075D  000761         8       0  CODE        2
                idataEEDATA                    00F000  0000CC  00F0CC     1E000       3  EEDATA      2
                cstackBANK0                    000020  000050  000070        20       1  BANK0       1
                bssBANK1                       0000A0  000030  0000D0        A0       1  BANK1       1
                cstackCOMMON                   000070  00000E  00007E        70       1  COMMON      1


UNUSED ADDRESS RANGES

        Name                Unused          Largest block    Delta
        BANK1            000D0-000EF              20           1
        BANK2            00120-0016F              50           1
        BANK3            001A0-001EF              50           1
        BANK4            00220-0024F              30           1
        BIGRAM           02000-0216F             170           1
        CODE             00002-00003               2           2
                         0076F-00FFF              91
        CONST            00002-00003               2           2
                         0076F-00FFF             100
        EEDATA           0F0CC-0F0FF              34           2
        ENTRY            00002-00003               2           2
                         0076F-00FFF             100
        IDLOC            08000-08003               4           2
        RAM              000D0-000EF              20           1
                         00120-0016F              50
                         001A0-001EF              50
                         00220-0024F              30
        SFR0             00000-0001F              20           1
        SFR1             00080-0009F              20           1
        SFR10            00500-0056F              70           1
        SFR11            00580-005EF              70           1
        SFR12            00600-0066F              70           1
        SFR13            00680-006EF              70           1
        SFR14            00700-0076F              70           1
        SFR15            00780-007EF              70           1
        SFR16            00800-0086F              70           1
        SFR17            00880-008EF              70           1
        SFR18            00900-0096F              70           1
        SFR19            00980-009EF              70           1
        SFR2             00100-0011F              20           1
        SFR20            00A00-00A6F              70           1
        SFR21            00A80-00AEF              70           1
        SFR22            00B00-00B6F              70           1
        SFR23            00B80-00BEF              70           1
        SFR24            00C00-00C6F              70           1
        SFR25            00C80-00CEF              70           1
        SFR26            00D00-00D6F              70           1
        SFR27            00D80-00DEF              70           1
        SFR28            00E00-00E6F              70           1
        SFR29            00E80-00EEF              70           1
        SFR3             00180-0019F              20           1
        SFR30            00F00-00F6F              70           1
        SFR31            00F80-00FEF              70           1
        SFR4             00200-0021F              20           1
        SFR5             00280-002EF              70           1
        SFR6             00300-0036F              70           1
        SFR7             00380-003EF              70           1
        SFR8             00400-0046F              70           1
        SFR9             00480-004EF              70           1
        STRCODE          00002-00003               2           2
                         0076F-00FFF             891
        STRING           00002-00003               2           2
                         0076F-00FFF             100

                                  Symbol Table

?_TMR1_ReadTimer                               cstackCOMMON 00070
?__Umul8_16                                    cstackCOMMON 00070
?___fldiv                                      cstackCOMMON 00070
?___flmul                                      cstackBANK0  0002E
?___fltol                                      cstackBANK0  00048
?___xxtofl                                     cstackBANK0  00020
EUSART_SetErrorHandler@interruptHandler        cstackBANK1  000CE
EUSART_SetFramingErrorHandler@interruptHandler cstackBANK1  000CE
EUSART_SetOverrunErrorHandler@interruptHandler cstackBANK1  000CE
TMR0_ISR@CountCallBack                         bssBANK0     0006A
TMR0_SetInterruptHandler@InterruptHandler      cstackBANK1  000CE
TMR1_ReadTimer@readVal                         cstackCOMMON 00077
TMR1_ReadTimer@readValHigh                     cstackCOMMON 00079
TMR1_ReadTimer@readValLow                      cstackCOMMON 0007A
TMR1_SetGateInterruptHandler@InterruptHandler  cstackBANK1  000CE
TMR1_WriteTimer@timerVal                       cstackCOMMON 00070
_ADCON0                                        (abs)        0009D
_ADCON0bits                                    (abs)        0009D
_ADCON1                                        (abs)        0009E
_ADC_Initialize                                text19       00722
_ADRESH                                        (abs)        0009C
_ADRESL                                        (abs)        0009B
_ANSELA                                        (abs)        0018C
_ANSELB                                        (abs)        0018D
_APFCON0                                       (abs)        0011D
_APFCON1                                       (abs)        0011E
_BAUDCON                                       (abs)        0019F
_BORCON                                        (abs)        00116
_CCP1CON                                       (abs)        00293
_CCPR1H                                        (abs)        00292
_CCPR1L                                        (abs)        00291
_CCPTMRS0bits                                  (abs)        0029E
_CM1CON0                                       (abs)        00111
_CM1CON1                                       (abs)        00112
_CMOUTbits                                     (abs)        00115
_CMP1_Initialize                               text18       0075B
_DACCON0                                       (abs)        00118
_DACCON1                                       (abs)        00119
_DAC_Initialize                                text17       00755
_D_mm                                          bssBANK0     00066
_ECCP1AS                                       (abs)        00295
_EEADR                                         (abs)        00191
_EECON1                                        (abs)        00195
_EECON1bits                                    (abs)        00195
_EEDATA                                        (abs)        00193
_EPWM1_Initialize                              text16       006DE
_EUSART_DefaultErrorHandler                    (abs)        00000
_EUSART_DefaultFramingErrorHandler             (abs)        00000
_EUSART_DefaultOverrunErrorHandler             (abs)        00000
_EUSART_ErrorHandler                           nvBANK1      000C6
_EUSART_FramingErrorHandler                    nvBANK1      000CA
_EUSART_Initialize                             text12       005FC
_EUSART_OverrunErrorHandler                    nvBANK1      000C8
_EUSART_SetErrorHandler                        text15       0074F
_EUSART_SetFramingErrorHandler                 text14       00749
_EUSART_SetOverrunErrorHandler                 text13       00743
_FVRCON                                        (abs)        00117
_FVRCONbits                                    (abs)        00117
_FVR_Initialize                                text11       00769
_INTCONbits                                    (abs)        0000B
_INTERRUPT_InterruptManager                    intentry     00004
_LATA                                          (abs)        0010C
_LATB                                          (abs)        0010D
_OPTION_REG                                    (abs)        00095
_OPTION_REGbits                                (abs)        00095
_OSCCON                                        (abs)        00099
_OSCILLATOR_Initialize                         text10       0072A
_OSCTUNE                                       (abs)        00098
_PIE1bits                                      (abs)        00091
_PIN_MANAGER_Initialize                        text9        00692
_PIR1bits                                      (abs)        00011
_PIR3bits                                      (abs)        00013
_PR2                                           (abs)        0001B
_PR4                                           (abs)        00416
_PSTR1CON                                      (abs)        00296
_PWM1CON                                       (abs)        00294
_Posicao_Bola_Tubo                             text22       004CD
_Posicao_Bola_Tubo$1727                        cstackBANK0  00056
_RCREG                                         (abs)        00199
_RCSTA                                         (abs)        0019D
_RCSTAbits                                     (abs)        0019D
_SPBRGH                                        (abs)        0019C
_SPBRGL                                        (abs)        0019B
_SYSTEM_Initialize                             text1        005D4
_T1CON                                         (abs)        00018
_T1CONbits                                     (abs)        00018
_T1GCON                                        (abs)        00019
_T1GCONbits                                    (abs)        00019
_T2CON                                         (abs)        0001C
_T2CONbits                                     (abs)        0001C
_T4CON                                         (abs)        00417
_T4CONbits                                     (abs)        00417
_TMR0                                          (abs)        00015
_TMR0_CallBack                                 text32       006FA
_TMR0_DefaultInterruptHandler                  text33       0076E
_TMR0_ISR                                      text31       00679
_TMR0_Initialize                               text7        006A8
_TMR0_InterruptHandler                         nvBANK1      000CC
_TMR0_SetInterruptHandler                      text8        0073D
_TMR1H                                         (abs)        00017
_TMR1L                                         (abs)        00016
_TMR1_DefaultGateInterruptHandler              text23       0076D
_TMR1_GATE_ISR                                 text21       006EC
_TMR1_GateInterruptHandler                     nvBANK0      0006E
_TMR1_Initialize                               text5        00644
_TMR1_ReadTimer                                text30       00660
_TMR1_SetGateInterruptHandler                  text6        00711
_TMR1_WriteTimer                               text29       006BD
_TMR2                                          (abs)        0001A
_TMR2_Initialize                               text4        0071A
_TMR4                                          (abs)        00415
_TMR4_Initialize                               text3        00707
_TRISA                                         (abs)        0008C
_TRISB                                         (abs)        0008D
_TXREG                                         (abs)        0019A
_TXSTA                                         (abs)        0019E
_TXSTAbits                                     (abs)        0019E
_Temp                                          bssBANK0     00068
_WDTCON                                        (abs)        00097
_WDT_Initialize                                text2        00765
_WPUA                                          (abs)        0020C
_WPUB                                          (abs)        0020D
__H__absolute__                                __absolute__ 00000
__Habs1                                        abs1         00000
__Hbank0                                       bank0        00000
__Hbank1                                       bank1        00000
__Hbank10                                      bank10       00000
__Hbank11                                      bank11       00000
__Hbank12                                      bank12       00000
__Hbank13                                      bank13       00000
__Hbank14                                      bank14       00000
__Hbank15                                      bank15       00000
__Hbank16                                      bank16       00000
__Hbank17                                      bank17       00000
__Hbank18                                      bank18       00000
__Hbank19                                      bank19       00000
__Hbank2                                       bank2        00000
__Hbank20                                      bank20       00000
__Hbank21                                      bank21       00000
__Hbank22                                      bank22       00000
__Hbank23                                      bank23       00000
__Hbank24                                      bank24       00000
__Hbank25                                      bank25       00000
__Hbank26                                      bank26       00000
__Hbank27                                      bank27       00000
__Hbank28                                      bank28       00000
__Hbank29                                      bank29       00000
__Hbank3                                       bank3        00000
__Hbank30                                      bank30       00000
__Hbank31                                      bank31       00000
__Hbank4                                       bank4        00000
__Hbank5                                       bank5        00000
__Hbank6                                       bank6        00000
__Hbank7                                       bank7        00000
__Hbank8                                       bank8        00000
__Hbank9                                       bank9        00000
__Hbigram                                      bigram       00000
__HbssBANK0                                    bssBANK0     00000
__HbssBANK1                                    bssBANK1     00000
__HbssCOMMON                                   bssCOMMON    00000
__Hcinit                                       cinit        0003D
__Hclrtext                                     clrtext      00000
__Hcode                                        code         00000
__Hcommon                                      common       00000
__Hconfig                                      config       08009
__HcstackBANK0                                 cstackBANK0  00000
__HcstackBANK1                                 cstackBANK1  00000
__HcstackCOMMON                                cstackCOMMON 00000
__HdataEEDATA                                  dataEEDATA   00000
__Heeprom_data                                 eeprom_data  00000
__Hend_init                                    end_init     00028
__Hfunctab                                     functab      00000
__Hheap                                        heap         00000
__HidataEEDATA                                 idataEEDATA  00000
__Hinit                                        init         00026
__Hinittext                                    inittext     00000
__Hintentry                                    intentry     00026
__Hmaintext                                    maintext     00000
__HnvBANK0                                     nvBANK0      00000
__HnvBANK1                                     nvBANK1      00000
__Hpowerup                                     powerup      00000
__Hram                                         ram          00000
__Hreset_vec                                   reset_vec    00002
__Hsfr0                                        sfr0         00000
__Hsfr1                                        sfr1         00000
__Hsfr10                                       sfr10        00000
__Hsfr11                                       sfr11        00000
__Hsfr12                                       sfr12        00000
__Hsfr13                                       sfr13        00000
__Hsfr14                                       sfr14        00000
__Hsfr15                                       sfr15        00000
__Hsfr16                                       sfr16        00000
__Hsfr17                                       sfr17        00000
__Hsfr18                                       sfr18        00000
__Hsfr19                                       sfr19        00000
__Hsfr2                                        sfr2         00000
__Hsfr20                                       sfr20        00000
__Hsfr21                                       sfr21        00000
__Hsfr22                                       sfr22        00000
__Hsfr23                                       sfr23        00000
__Hsfr24                                       sfr24        00000
__Hsfr25                                       sfr25        00000
__Hsfr26                                       sfr26        00000
__Hsfr27                                       sfr27        00000
__Hsfr28                                       sfr28        00000
__Hsfr29                                       sfr29        00000
__Hsfr3                                        sfr3         00000
__Hsfr30                                       sfr30        00000
__Hsfr31                                       sfr31        00000
__Hsfr4                                        sfr4         00000
__Hsfr5                                        sfr5         00000
__Hsfr6                                        sfr6         00000
__Hsfr7                                        sfr7         00000
__Hsfr8                                        sfr8         00000
__Hsfr9                                        sfr9         00000
__Hsivt                                        sivt         00026
__Hspace_0                                     (abs)        0076F
__Hspace_1                                     (abs)        000D0
__Hspace_2                                     (abs)        00000
__Hspace_3                                     (abs)        000CC
__Hspace_4                                     (abs)        10010
__Hstack                                       stack        00000
__Hstrings                                     strings      00000
__Hstringtext1                                 stringtext1  00000
__Htext                                        text         00000
__L__absolute__                                __absolute__ 00000
__Labs1                                        abs1         00000
__Lbank0                                       bank0        00000
__Lbank1                                       bank1        00000
__Lbank10                                      bank10       00000
__Lbank11                                      bank11       00000
__Lbank12                                      bank12       00000
__Lbank13                                      bank13       00000
__Lbank14                                      bank14       00000
__Lbank15                                      bank15       00000
__Lbank16                                      bank16       00000
__Lbank17                                      bank17       00000
__Lbank18                                      bank18       00000
__Lbank19                                      bank19       00000
__Lbank2                                       bank2        00000
__Lbank20                                      bank20       00000
__Lbank21                                      bank21       00000
__Lbank22                                      bank22       00000
__Lbank23                                      bank23       00000
__Lbank24                                      bank24       00000
__Lbank25                                      bank25       00000
__Lbank26                                      bank26       00000
__Lbank27                                      bank27       00000
__Lbank28                                      bank28       00000
__Lbank29                                      bank29       00000
__Lbank3                                       bank3        00000
__Lbank30                                      bank30       00000
__Lbank31                                      bank31       00000
__Lbank4                                       bank4        00000
__Lbank5                                       bank5        00000
__Lbank6                                       bank6        00000
__Lbank7                                       bank7        00000
__Lbank8                                       bank8        00000
__Lbank9                                       bank9        00000
__Lbigram                                      bigram       00000
__LbssBANK0                                    bssBANK0     00000
__LbssBANK1                                    bssBANK1     00000
__LbssCOMMON                                   bssCOMMON    00000
__Lcinit                                       cinit        00028
__Lclrtext                                     clrtext      00000
__Lcode                                        code         00000
__Lcommon                                      common       00000
__Lconfig                                      config       00000
__LcstackBANK0                                 cstackBANK0  00000
__LcstackBANK1                                 cstackBANK1  00000
__LcstackCOMMON                                cstackCOMMON 00000
__LdataEEDATA                                  dataEEDATA   00000
__Leeprom_data                                 eeprom_data  00000
__Lend_init                                    end_init     00026
__Lfunctab                                     functab      00000
__Lheap                                        heap         00000
__LidataEEDATA                                 idataEEDATA  00000
__Linit                                        init         00026
__Linittext                                    inittext     00000
__Lintentry                                    intentry     00004
__Lmaintext                                    maintext     00000
__LnvBANK0                                     nvBANK0      00000
__LnvBANK1                                     nvBANK1      00000
__Lpowerup                                     powerup      00000
__Lram                                         ram          00000
__Lreset_vec                                   reset_vec    00000
__Lsfr0                                        sfr0         00000
__Lsfr1                                        sfr1         00000
__Lsfr10                                       sfr10        00000
__Lsfr11                                       sfr11        00000
__Lsfr12                                       sfr12        00000
__Lsfr13                                       sfr13        00000
__Lsfr14                                       sfr14        00000
__Lsfr15                                       sfr15        00000
__Lsfr16                                       sfr16        00000
__Lsfr17                                       sfr17        00000
__Lsfr18                                       sfr18        00000
__Lsfr19                                       sfr19        00000
__Lsfr2                                        sfr2         00000
__Lsfr20                                       sfr20        00000
__Lsfr21                                       sfr21        00000
__Lsfr22                                       sfr22        00000
__Lsfr23                                       sfr23        00000
__Lsfr24                                       sfr24        00000
__Lsfr25                                       sfr25        00000
__Lsfr26                                       sfr26        00000
__Lsfr27                                       sfr27        00000
__Lsfr28                                       sfr28        00000
__Lsfr29                                       sfr29        00000
__Lsfr3                                        sfr3         00000
__Lsfr30                                       sfr30        00000
__Lsfr31                                       sfr31        00000
__Lsfr4                                        sfr4         00000
__Lsfr5                                        sfr5         00000
__Lsfr6                                        sfr6         00000
__Lsfr7                                        sfr7         00000
__Lsfr8                                        sfr8         00000
__Lsfr9                                        sfr9         00000
__Lsivt                                        sivt         00026
__Lspace_0                                     (abs)        00000
__Lspace_1                                     (abs)        00000
__Lspace_2                                     (abs)        00000
__Lspace_3                                     (abs)        00000
__Lspace_4                                     (abs)        00000
__Lstack                                       stack        00000
__Lstrings                                     strings      00000
__Lstringtext1                                 stringtext1  00000
__Ltext                                        text         00000
__S0                                           (abs)        0076F
__S1                                           (abs)        000D0
__S3                                           (abs)        0F0CC
__Umul8_16                                     text27       00621
__Umul8_16@multiplicand                        cstackCOMMON 00070
__Umul8_16@multiplier                          cstackCOMMON 00078
__Umul8_16@product                             cstackCOMMON 00074
__Umul8_16@word_mpld                           cstackCOMMON 00076
___fldiv                                       text28       00278
___fldiv@a                                     cstackCOMMON 00070
___fldiv@aexp                                  cstackBANK0  0002C
___fldiv@b                                     cstackCOMMON 00074
___fldiv@bexp                                  cstackBANK0  0002B
___fldiv@grs                                   cstackBANK0  00027
___fldiv@new_exp                               cstackBANK0  00025
___fldiv@rem                                   cstackBANK0  00020
___fldiv@sign                                  cstackBANK0  00024
___flmul                                       text26       0003D
___flmul@a                                     cstackBANK0  00032
___flmul@aexp                                  cstackBANK0  00040
___flmul@b                                     cstackBANK0  0002E
___flmul@bexp                                  cstackBANK0  00041
___flmul@grs                                   cstackBANK0  0003C
___flmul@prod                                  cstackBANK0  00042
___flmul@sign                                  cstackBANK0  0003B
___flmul@temp                                  cstackBANK0  00046
___fltol                                       text25       00563
___fltol@exp1                                  cstackBANK0  00051
___fltol@f1                                    cstackBANK0  00048
___fltol@sign1                                 cstackBANK0  00050
___heap_hi                                     (abs)        00000
___heap_lo                                     (abs)        00000
___int_sp                                      stack        00000
___int_stack_hi                                stack        00000
___int_stack_lo                                stack        00000
___latbits                                     (abs)        00001
___sp                                          stack        00000
___stack_hi                                    stack        00000
___stack_lo                                    stack        00000
___stackhi                                     (abs)        00000
___stacklo                                     (abs)        00000
___xxtofl                                      text24       00422
___xxtofl@arg                                  cstackBANK0  0002A
___xxtofl@exp                                  cstackBANK0  00029
___xxtofl@sign                                 cstackBANK0  00028
___xxtofl@val                                  cstackBANK0  00020
__end_of_ADC_Initialize                        text19       0072A
__end_of_CMP1_Initialize                       text18       00761
__end_of_DAC_Initialize                        text17       0075B
__end_of_EPWM1_Initialize                      text16       006EC
__end_of_EUSART_Initialize                     text12       00621
__end_of_EUSART_SetErrorHandler                text15       00755
__end_of_EUSART_SetFramingErrorHandler         text14       0074F
__end_of_EUSART_SetOverrunErrorHandler         text13       00749
__end_of_FVR_Initialize                        text11       0076D
__end_of_INTERRUPT_InterruptManager            intentry     00026
__end_of_OSCILLATOR_Initialize                 text10       00731
__end_of_PIN_MANAGER_Initialize                text9        006A8
__end_of_P_fosc                                stringtext1  00765
__end_of_Posicao_Bola_Tubo                     text22       00563
__end_of_SYSTEM_Initialize                     text1        005FC
__end_of_TMR0_CallBack                         text32       00707
__end_of_TMR0_DefaultInterruptHandler          text33       0076F
__end_of_TMR0_ISR                              text31       00692
__end_of_TMR0_Initialize                       text7        006BD
__end_of_TMR0_SetInterruptHandler              text8        00743
__end_of_TMR1_DefaultGateInterruptHandler      text23       0076E
__end_of_TMR1_GATE_ISR                         text21       006FA
__end_of_TMR1_Initialize                       text5        00660
__end_of_TMR1_ReadTimer                        text30       00679
__end_of_TMR1_SetGateInterruptHandler          text6        0071A
__end_of_TMR1_WriteTimer                       text29       006CE
__end_of_TMR2_Initialize                       text4        00722
__end_of_TMR4_Initialize                       text3        00711
__end_of_WDT_Initialize                        text2        00769
__end_of__Umul8_16                             text27       00644
__end_of___fldiv                               text28       00422
__end_of___flmul                               text26       00278
__end_of___fltol                               text25       005D4
__end_of___xxtofl                              text24       004CD
__end_of__initialization                       cinit        00039
__end_of_main                                  maintext     006DE
__initialization                               cinit        00028
__pbssBANK0                                    bssBANK0     0005A
__pbssBANK1                                    bssBANK1     000A0
__pbssCOMMON                                   bssCOMMON    0007D
__pcstackBANK0                                 cstackBANK0  00020
__pcstackBANK1                                 cstackBANK1  000CE
__pcstackCOMMON                                cstackCOMMON 00070
__pdataEEDATA                                  dataEEDATA   00000
__pidataEEDATA                                 idataEEDATA  00000
__pintentry                                    intentry     00004
__pmaintext                                    maintext     006CE
__pnvBANK0                                     nvBANK0      0006E
__pnvBANK1                                     nvBANK1      000C6
__pstringtext1                                 stringtext1  00761
__ptext1                                       text1        005D4
__ptext10                                      text10       0072A
__ptext11                                      text11       00769
__ptext12                                      text12       005FC
__ptext13                                      text13       00743
__ptext14                                      text14       00749
__ptext15                                      text15       0074F
__ptext16                                      text16       006DE
__ptext17                                      text17       00755
__ptext18                                      text18       0075B
__ptext19                                      text19       00722
__ptext2                                       text2        00765
__ptext21                                      text21       006EC
__ptext22                                      text22       004CD
__ptext23                                      text23       0076D
__ptext24                                      text24       00422
__ptext25                                      text25       00563
__ptext26                                      text26       0003D
__ptext27                                      text27       00621
__ptext28                                      text28       00278
__ptext29                                      text29       006BD
__ptext3                                       text3        00707
__ptext30                                      text30       00660
__ptext31                                      text31       00679
__ptext32                                      text32       006FA
__ptext33                                      text33       0076E
__ptext4                                       text4        0071A
__ptext5                                       text5        00644
__ptext6                                       text6        00711
__ptext7                                       text7        006A8
__ptext8                                       text8        0073D
__ptext9                                       text9        00692
_eusartRxLastError                             bssBANK1     000C4
_main                                          maintext     006CE
_tabela_veloc_som                              idataEEDATA  00000
_tempo_s                                       bssBANK1     000B7
_timer0ReloadVal                               bssBANK1     000C5
_timer1ReloadVal                               bssBANK1     000C2
_v_som                                         bssBANK0     0005A
btemp                                          (abs)        0007E
clear_ram0                                     clrtext      00737
end_of_initialization                          cinit        00039
init_ram                                       inittext     00731
int$flags                                      (abs)        0007E
intlevel0                                      functab      00000
intlevel1                                      functab      00000
intlevel2                                      functab      00000
intlevel3                                      functab      00000
intlevel4                                      functab      00000
intlevel5                                      functab      00000
reset_vec                                      reset_vec    00000
start                                          init         00026
start_initialization                           cinit        00028
wtemp0                                         (abs)        0007E


MODULE INFORMATION

Module		Function		Class		Link	Load	Size
mcc_generated_files/cmp1.c
		_CMP1_Initialize		CODE           	075B	0000	6

mcc_generated_files/cmp1.c estimated size: 6

mcc_generated_files/fvr.c
		_FVR_Initialize		CODE           	0769	0000	4

mcc_generated_files/fvr.c estimated size: 4

mcc_generated_files/tmr4.c
		_TMR4_Initialize		CODE           	0707	0000	10

mcc_generated_files/tmr4.c estimated size: 10

/opt/microchip/xc8/v2.46/pic/sources/c99/common/fltol.c
		___fltol       		CODE           	0563	0000	113

/opt/microchip/xc8/v2.46/pic/sources/c99/common/fltol.c estimated size: 113

mcc_generated_files/tmr2.c
		_TMR2_Initialize		CODE           	071A	0000	8

mcc_generated_files/tmr2.c estimated size: 8

mcc_generated_files/interrupt_manager.c
		_INTERRUPT_InterruptManager		CODE           	0004	0000	34

mcc_generated_files/interrupt_manager.c estimated size: 34

mcc_generated_files/tmr0.c
		_TMR0_SetInterruptHandler		CODE           	073D	0000	6
		_TMR0_DefaultInterruptHandler		CODE           	076E	0000	1
		_TMR0_CallBack 		CODE           	06FA	0000	13
		_TMR0_ISR      		CODE           	0679	0000	25
		_TMR0_Initialize		CODE           	06A8	0000	21

mcc_generated_files/tmr0.c estimated size: 66

functions.c
		_Posicao_Bola_Tubo		CODE           	04CD	0000	150

functions.c estimated size: 150

mcc_generated_files/pin_manager.c
		_PIN_MANAGER_Initialize		CODE           	0692	0000	22

mcc_generated_files/pin_manager.c estimated size: 22

/opt/microchip/xc8/v2.46/pic/sources/c99/common/sprcmul.c
		___flmul       		CODE           	003D	0000	571

/opt/microchip/xc8/v2.46/pic/sources/c99/common/sprcmul.c estimated size: 571

/opt/microchip/xc8/v2.46/pic/sources/c99/common/Umul8_16.c
		__Umul8_16     		CODE           	0621	0000	35

/opt/microchip/xc8/v2.46/pic/sources/c99/common/Umul8_16.c estimated size: 35

mcc_generated_files/adc.c
		_ADC_Initialize		CODE           	0722	0000	8

mcc_generated_files/adc.c estimated size: 8

/opt/microchip/xc8/v2.46/pic/sources/c99/common/sprcdiv.c
		___fldiv       		CODE           	0278	0000	426

/opt/microchip/xc8/v2.46/pic/sources/c99/common/sprcdiv.c estimated size: 426

/opt/microchip/xc8/v2.46/pic/sources/c99/common/xxtofl.c
		___xxtofl      		CODE           	0422	0000	171

/opt/microchip/xc8/v2.46/pic/sources/c99/common/xxtofl.c estimated size: 171

shared
		__initialization		CODE           	0028	0000	17
		_P_fosc        		STRCODE        	0000	0000	0

shared estimated size: 17

mcc_generated_files/mcc.c
		_WDT_Initialize		CODE           	0765	0000	4
		_OSCILLATOR_Initialize		CODE           	072A	0000	7
		_SYSTEM_Initialize		CODE           	05D4	0000	40

mcc_generated_files/mcc.c estimated size: 51

mcc_generated_files/tmr1.c
		_TMR1_Initialize		CODE           	0644	0000	28
		_TMR1_WriteTimer		CODE           	06BD	0000	17
		_TMR1_ReadTimer		CODE           	0660	0000	25
		_TMR1_SetGateInterruptHandler		CODE           	0711	0000	9
		_TMR1_GATE_ISR 		CODE           	06EC	0000	14
		_TMR1_DefaultGateInterruptHandler		CODE           	076D	0000	1

mcc_generated_files/tmr1.c estimated size: 94

mcc_generated_files/epwm1.c
		_EPWM1_Initialize		CODE           	06DE	0000	14

mcc_generated_files/epwm1.c estimated size: 14

mcc_generated_files/eusart.c
		_EUSART_Initialize		CODE           	05FC	0000	37
		_EUSART_SetFramingErrorHandler		CODE           	0749	0000	6
		_EUSART_SetErrorHandler		CODE           	074F	0000	6
		_EUSART_SetOverrunErrorHandler		CODE           	0743	0000	6

mcc_generated_files/eusart.c estimated size: 55

mcc_generated_files/dac.c
		_DAC_Initialize		CODE           	0755	0000	6

mcc_generated_files/dac.c estimated size: 6

main.c
		_main          		CODE           	06CE	0000	16

main.c estimated size: 16

